# Hello

This is a paragraph

## Another Header

bye BYE

 #####A Header

paragraph
 paragraph

 ##Some 漢字 Kanjis as Well
 ## Some 漢字 Kanjis as Well
 ##   Some 漢字 Kanjis as Well

# This Blog Uses WP Which Means WordPress

# These Words Are Special: WordPress, YouTube, GitHub, Discord

 #   Text Inside {Braces}, Another [Some Text], Another (Text), {a ABC}

# A Sentence. Another Sentence! New Sentence?? Even More Sentences.
# The Meaning of Life
