<!-- wp:heading --><h1>Hello</h1><!-- /wp:heading -->
<!-- wp:heading --><h1>Hello How Are You</h1><!-- /wp:heading -->
<!-- wp:heading {"level":2} --><h1>Hello</h1><!-- /wp:heading -->
<!-- wp:heading {"level":300}--><h1>Hello How Are You</h1><!-- /wp:heading -->
<!-- wp:heading   {  "level":200  } --><h1>Hello How Are You</h1><!-- /wp:heading -->
<!-- wp:heading   {  "level":200  } --><h2  attr="5" class="some-class" >Let's Go Over There, Please.</h2><!-- /wp:heading -->
<!-- wp:heading --><h1>Hello How Are You</h1><!-- /wp:heading -->
<!-- wp:heading --><h1>Hello How Are You</h1><!-- /wp:heading -->
<!-- wp:heading --><h9></h9><!-- /wp:heading -->
<!-- wp:heading --><h10>a</h10><!-- /wp:heading -->
<!-- wp:heading --><h9>A</h9><!-- /wp:heading -->


<!-- wp:heading -->
   <h1  class=\"wp-block-class\">A Title</h1>
   <!-- /wp:heading -->

<!-- wp:heading {"level":2} -->
   <h1  class=\"wp-block-class\">This Is a WordPress Blog</h1>
   <!-- /wp:heading -->
